******************************************************************************
                  MSP430 Linker PC v4.1.2                      
******************************************************************************
>> Linked Wed May 07 13:33:23 2014

OUTPUT FILE NAME:   <finalGame.out>
ENTRY POINT SYMBOL: "_c_int00"  address: 0000c9da


MEMORY CONFIGURATION

         name            origin    length      used     unused   attr    fill
----------------------  --------  ---------  --------  --------  ----  --------
  SFR                   00000000   00000010  00000000  00000010  RWIX
  PERIPHERALS_8BIT      00000010   000000f0  00000000  000000f0  RWIX
  PERIPHERALS_16BIT     00000100   00000100  00000000  00000100  RWIX
  RAM                   00000200   00000200  0000006e  00000192  RWIX
  INFOD                 00001000   00000040  00000000  00000040  RWIX
  INFOC                 00001040   00000040  00000000  00000040  RWIX
  INFOB                 00001080   00000040  00000000  00000040  RWIX
  INFOA                 000010c0   00000040  00000000  00000040  RWIX
  FLASH                 0000c000   00003fe0  00000ce8  000032f8  RWIX
  INT00                 0000ffe0   00000002  00000000  00000002  RWIX
  INT01                 0000ffe2   00000002  00000000  00000002  RWIX
  INT02                 0000ffe4   00000002  00000000  00000002  RWIX
  INT03                 0000ffe6   00000002  00000000  00000002  RWIX
  INT04                 0000ffe8   00000002  00000000  00000002  RWIX
  INT05                 0000ffea   00000002  00000000  00000002  RWIX
  INT06                 0000ffec   00000002  00000000  00000002  RWIX
  INT07                 0000ffee   00000002  00000000  00000002  RWIX
  INT08                 0000fff0   00000002  00000000  00000002  RWIX
  INT09                 0000fff2   00000002  00000002  00000000  RWIX
  INT10                 0000fff4   00000002  00000000  00000002  RWIX
  INT11                 0000fff6   00000002  00000000  00000002  RWIX
  INT12                 0000fff8   00000002  00000000  00000002  RWIX
  INT13                 0000fffa   00000002  00000000  00000002  RWIX
  INT14                 0000fffc   00000002  00000000  00000002  RWIX
  RESET                 0000fffe   00000002  00000002  00000000  RWIX


SECTION ALLOCATION MAP

 output                                  attributes/
section   page    origin      length       input sections
--------  ----  ----------  ----------   ----------------
.init_array 
*          0    0000c000    00000000     UNINITIALIZED

.bss       0    00000200    00000012     UNINITIALIZED
                  00000200    0000000c     accelarometer.obj (.bss)
                  0000020c    00000006     main.obj (.bss)

.TI.noinit 
*          0    00000200    00000000     UNINITIALIZED

.data      0    00000212    0000000c     
                  00000212    0000000c     accelarometer.obj (.data)

.TI.persistent 
*          0    00000212    00000000     UNINITIALIZED

.stack     0    000003b0    00000050     UNINITIALIZED
                  000003b0    00000002     rts430_eabi.lib : boot.obj (.stack)
                  000003b2    0000004e     --HOLE--

.text      0    0000c000    00000a8e     
                  0000c000    00000450     main.obj (.text:updateDisplay)
                  0000c450    00000130     main.obj (.text:updateLocation)
                  0000c580    000000e8     accelarometer.obj (.text:Timer0_A0)
                  0000c668    0000005e     rts430_eabi.lib : copy_decompress_rle.obj (.text:__TI_decompress_rle_core)
                  0000c6c6    0000005e                     : autoinit.obj (.text:_auto_init)
                  0000c724    00000056     LCDdisplay.obj (.text:configLCD)
                  0000c77a    0000004c     accelarometer.obj (.text:configADC10)
                  0000c7c6    0000004c     rts430_eabi.lib : lsr16.obj (.text)
                  0000c812    0000003e     LCDdisplay.obj (.text:writeCharToLCD)
                  0000c850    00000034     LCDdisplay.obj (.text:initLCD)
                  0000c884    00000030     main.obj (.text:mazeInit)
                  0000c8b4    0000002c     rts430_eabi.lib : asr16.obj (.text)
                  0000c8e0    0000002c                     : lsl16.obj (.text)
                  0000c90c    0000002a     LCDdisplay.obj (.text:clearLCD)
                  0000c936    0000002a     LCDdisplay.obj (.text:writeToLCD)
                  0000c960    00000020     main.obj (.text:clockConfig)
                  0000c980    00000020     LCDdisplay.obj (.text:writeBlockToLCD)
                  0000c9a0    0000001e     main.obj (.text:main)
                  0000c9be    0000001c     main.obj (.text:cShift)
                  0000c9da    0000001a     rts430_eabi.lib : boot.obj (.text:_c_int00_noexit)
                  0000c9f4    0000001a     LCDdisplay.obj (.text:setAddr)
                  0000ca0e    00000016     LCDdisplay.obj (.text:writeStringToLCD)
                  0000ca24    00000014     accelarometer.obj (.text:configTimerA0)
                  0000ca38    00000014     rts430_eabi.lib : copy_zero_init.obj (.text:decompress:ZI:__TI_zero_init)
                  0000ca4c    00000012                     : copy_decompress_none.obj (.text:decompress:none:__TI_decompress_none)
                  0000ca5e    00000012                     : memcpy.obj (.text:memcpy)
                  0000ca70    00000010                     : epilog.obj (.text)
                  0000ca80    00000006                     : copy_decompress_rle.obj (.text:decompress:rle24:__TI_decompress_rle24)
                  0000ca86    00000004                     : pre_init.obj (.text:_system_pre_init)
                  0000ca8a    00000004                     : exit.obj (.text:abort)

.const     0    0000ca8e    00000238     
                  0000ca8e    000001e0     LCDdisplay.obj (.const:font)
                  0000cc6e    00000024     main.obj (.const:wallHorz)
                  0000cc92    0000001e     main.obj (.const:wallVert)
                  0000ccb0    00000016     main.obj (.const:.string)

.cinit     0    0000ccc6    00000022     
                  0000ccc6    00000010     (.cinit..data.load) [load image]
                  0000ccd6    00000006     (__TI_handler_table)
                  0000ccdc    00000004     (.cinit..bss.load) [load image, compression = zero_init]
                  0000cce0    00000008     (__TI_cinit_table)

TIMER0_A0 
*          0    0000fff2    00000002     
                  0000fff2    00000002     accelarometer.obj (.int09)

.reset     0    0000fffe    00000002     
                  0000fffe    00000002     rts430_eabi.lib : boot.obj (.reset)


LINKER GENERATED COPY TABLES

__TI_cinit_table @ 0000cce0 records: 2, size/record: 4, table size: 8
	.data: load addr=0000ccc6, load size=00000010 bytes, run addr=00000212, run size=0000000c bytes, compression=copy
	.bss: load addr=0000ccdc, load size=00000004 bytes, run addr=00000200, run size=00000012 bytes, compression=zero_init


LINKER GENERATED HANDLER TABLE

__TI_handler_table @ 0000ccd6 records: 3, size/record: 2, table size: 6
	index: 0, handler: __TI_zero_init
	index: 1, handler: __TI_decompress_rle24
	index: 2, handler: __TI_decompress_none


GLOBAL SYMBOLS: SORTED ALPHABETICALLY BY Name 

address    name
--------   ----
0000004a   ADC10AE0
000001b0   ADC10CTL0
000001b2   ADC10CTL1
00000048   ADC10DTC0
00000049   ADC10DTC1
000001b4   ADC10MEM
000001bc   ADC10SA
00000057   BCSCTL1
00000058   BCSCTL2
00000053   BCSCTL3
0000ca8a   C$$EXIT
00000059   CACTL1
0000005a   CACTL2
000010fb   CALBC1_12MHZ
000010f9   CALBC1_16MHZ
000010ff   CALBC1_1MHZ
000010fd   CALBC1_8MHZ
000010fa   CALDCO_12MHZ
000010f8   CALDCO_16MHZ
000010fe   CALDCO_1MHZ
000010fc   CALDCO_8MHZ
0000005b   CAPD
00000056   DCOCTL
00000128   FCTL1
0000012a   FCTL2
0000012c   FCTL3
00000000   IE1
00000001   IE2
00000002   IFG1
00000003   IFG2
00000022   P1DIR
00000025   P1IE
00000024   P1IES
00000023   P1IFG
00000020   P1IN
00000021   P1OUT
00000027   P1REN
00000026   P1SEL
00000041   P1SEL2
0000002a   P2DIR
0000002d   P2IE
0000002c   P2IES
0000002b   P2IFG
00000028   P2IN
00000029   P2OUT
0000002f   P2REN
0000002e   P2SEL
00000042   P2SEL2
0000001a   P3DIR
00000018   P3IN
00000019   P3OUT
00000010   P3REN
0000001b   P3SEL
00000043   P3SEL2
00000172   TA0CCR0
00000174   TA0CCR1
00000176   TA0CCR2
00000162   TA0CCTL0
00000164   TA0CCTL1
00000166   TA0CCTL2
00000160   TA0CTL
0000012e   TA0IV
00000170   TA0R
00000192   TA1CCR0
00000194   TA1CCR1
00000196   TA1CCR2
00000182   TA1CCTL0
00000184   TA1CCTL1
00000186   TA1CCTL2
00000180   TA1CTL
0000011e   TA1IV
00000190   TA1R
0000c580   Timer0_A0
0000005d   UCA0ABCTL
00000062   UCA0BR0
00000063   UCA0BR1
00000060   UCA0CTL0
00000061   UCA0CTL1
0000005f   UCA0IRRCTL
0000005e   UCA0IRTCTL
00000064   UCA0MCTL
00000066   UCA0RXBUF
00000065   UCA0STAT
00000067   UCA0TXBUF
0000006a   UCB0BR0
0000006b   UCB0BR1
00000068   UCB0CTL0
00000069   UCB0CTL1
0000006c   UCB0I2CIE
00000118   UCB0I2COA
0000011a   UCB0I2CSA
0000006e   UCB0RXBUF
0000006d   UCB0STAT
0000006f   UCB0TXBUF
00000120   WDTCTL
00000202   X_0_THRESHOLD
00000200   X_NEG_THRESHOLD
00000204   X_POS_THRESHOLD
00000208   Y_0_THRESHOLD
0000020a   Y_NEG_THRESHOLD
00000206   Y_POS_THRESHOLD
00000400   __STACK_END
00000050   __STACK_SIZE
0000cce0   __TI_CINIT_Base
0000cce8   __TI_CINIT_Limit
0000ccd6   __TI_Handler_Table_Base
0000ccdc   __TI_Handler_Table_Limit
UNDEFED    __TI_INITARRAY_Base
UNDEFED    __TI_INITARRAY_Limit
00000001   __TI_args_main
0000ca4c   __TI_decompress_none
0000ca80   __TI_decompress_rle24
00000001   __TI_exit
0000ca38   __TI_zero_init
ffffffff   __binit__
ffffffff   __c_args__
0000ca7c   __mspabi_func_epilog_1
0000ca7a   __mspabi_func_epilog_2
0000ca78   __mspabi_func_epilog_3
0000ca76   __mspabi_func_epilog_4
0000ca74   __mspabi_func_epilog_5
0000ca72   __mspabi_func_epilog_6
0000ca70   __mspabi_func_epilog_7
0000c8e0   __mspabi_slli
0000c908   __mspabi_slli_1
0000c8f6   __mspabi_slli_10
0000c8f4   __mspabi_slli_11
0000c8f2   __mspabi_slli_12
0000c8f0   __mspabi_slli_13
0000c8ee   __mspabi_slli_14
0000c8ec   __mspabi_slli_15
0000c906   __mspabi_slli_2
0000c904   __mspabi_slli_3
0000c902   __mspabi_slli_4
0000c900   __mspabi_slli_5
0000c8fe   __mspabi_slli_6
0000c8fc   __mspabi_slli_7
0000c8fa   __mspabi_slli_8
0000c8f8   __mspabi_slli_9
0000c8b4   __mspabi_srai
0000c8dc   __mspabi_srai_1
0000c8ca   __mspabi_srai_10
0000c8c8   __mspabi_srai_11
0000c8c6   __mspabi_srai_12
0000c8c4   __mspabi_srai_13
0000c8c2   __mspabi_srai_14
0000c8c0   __mspabi_srai_15
0000c8da   __mspabi_srai_2
0000c8d8   __mspabi_srai_3
0000c8d6   __mspabi_srai_4
0000c8d4   __mspabi_srai_5
0000c8d2   __mspabi_srai_6
0000c8d0   __mspabi_srai_7
0000c8ce   __mspabi_srai_8
0000c8cc   __mspabi_srai_9
0000c7c6   __mspabi_srli
0000c80c   __mspabi_srli_1
0000c7e8   __mspabi_srli_10
0000c7e4   __mspabi_srli_11
0000c7e0   __mspabi_srli_12
0000c7dc   __mspabi_srli_13
0000c7d8   __mspabi_srli_14
0000c7d4   __mspabi_srli_15
0000c808   __mspabi_srli_2
0000c804   __mspabi_srli_3
0000c800   __mspabi_srli_4
0000c7fc   __mspabi_srli_5
0000c7f8   __mspabi_srli_6
0000c7f4   __mspabi_srli_7
0000c7f0   __mspabi_srli_8
0000c7ec   __mspabi_srli_9
0000c6c6   _auto_init
0000c9da   _c_int00
0000c9da   _c_int00_noexit
0000fffe   _reset_vector
000003b0   _stack
0000ca86   _system_pre_init
0000ca8a   abort
00000216   acceleromter
00000214   axisCount
ffffffff   binit
0000c9be   cShift
0000c90c   clearLCD
0000c960   clockConfig
0000c77a   configADC10
0000c724   configLCD
0000ca24   configTimerA0
00000212   count
0000020c   cursor
00000210   end
0000c850   initLCD
0000c9a0   main
0000c884   mazeInit
0000ca5e   memcpy
0000c9f4   setAddr
0000020e   start
0000c000   updateDisplay
0000c450   updateLocation
0000cc6e   wallHorz
0000cc92   wallVert
0000c980   writeBlockToLCD
0000c812   writeCharToLCD
0000ca0e   writeStringToLCD
0000c936   writeToLCD


GLOBAL SYMBOLS: SORTED BY Symbol Address 

address    name
--------   ----
00000000   IE1
00000001   IE2
00000001   __TI_args_main
00000001   __TI_exit
00000002   IFG1
00000003   IFG2
00000010   P3REN
00000018   P3IN
00000019   P3OUT
0000001a   P3DIR
0000001b   P3SEL
00000020   P1IN
00000021   P1OUT
00000022   P1DIR
00000023   P1IFG
00000024   P1IES
00000025   P1IE
00000026   P1SEL
00000027   P1REN
00000028   P2IN
00000029   P2OUT
0000002a   P2DIR
0000002b   P2IFG
0000002c   P2IES
0000002d   P2IE
0000002e   P2SEL
0000002f   P2REN
00000041   P1SEL2
00000042   P2SEL2
00000043   P3SEL2
00000048   ADC10DTC0
00000049   ADC10DTC1
0000004a   ADC10AE0
00000050   __STACK_SIZE
00000053   BCSCTL3
00000056   DCOCTL
00000057   BCSCTL1
00000058   BCSCTL2
00000059   CACTL1
0000005a   CACTL2
0000005b   CAPD
0000005d   UCA0ABCTL
0000005e   UCA0IRTCTL
0000005f   UCA0IRRCTL
00000060   UCA0CTL0
00000061   UCA0CTL1
00000062   UCA0BR0
00000063   UCA0BR1
00000064   UCA0MCTL
00000065   UCA0STAT
00000066   UCA0RXBUF
00000067   UCA0TXBUF
00000068   UCB0CTL0
00000069   UCB0CTL1
0000006a   UCB0BR0
0000006b   UCB0BR1
0000006c   UCB0I2CIE
0000006d   UCB0STAT
0000006e   UCB0RXBUF
0000006f   UCB0TXBUF
00000118   UCB0I2COA
0000011a   UCB0I2CSA
0000011e   TA1IV
00000120   WDTCTL
00000128   FCTL1
0000012a   FCTL2
0000012c   FCTL3
0000012e   TA0IV
00000160   TA0CTL
00000162   TA0CCTL0
00000164   TA0CCTL1
00000166   TA0CCTL2
00000170   TA0R
00000172   TA0CCR0
00000174   TA0CCR1
00000176   TA0CCR2
00000180   TA1CTL
00000182   TA1CCTL0
00000184   TA1CCTL1
00000186   TA1CCTL2
00000190   TA1R
00000192   TA1CCR0
00000194   TA1CCR1
00000196   TA1CCR2
000001b0   ADC10CTL0
000001b2   ADC10CTL1
000001b4   ADC10MEM
000001bc   ADC10SA
00000200   X_NEG_THRESHOLD
00000202   X_0_THRESHOLD
00000204   X_POS_THRESHOLD
00000206   Y_POS_THRESHOLD
00000208   Y_0_THRESHOLD
0000020a   Y_NEG_THRESHOLD
0000020c   cursor
0000020e   start
00000210   end
00000212   count
00000214   axisCount
00000216   acceleromter
000003b0   _stack
00000400   __STACK_END
000010f8   CALDCO_16MHZ
000010f9   CALBC1_16MHZ
000010fa   CALDCO_12MHZ
000010fb   CALBC1_12MHZ
000010fc   CALDCO_8MHZ
000010fd   CALBC1_8MHZ
000010fe   CALDCO_1MHZ
000010ff   CALBC1_1MHZ
0000c000   updateDisplay
0000c450   updateLocation
0000c580   Timer0_A0
0000c6c6   _auto_init
0000c724   configLCD
0000c77a   configADC10
0000c7c6   __mspabi_srli
0000c7d4   __mspabi_srli_15
0000c7d8   __mspabi_srli_14
0000c7dc   __mspabi_srli_13
0000c7e0   __mspabi_srli_12
0000c7e4   __mspabi_srli_11
0000c7e8   __mspabi_srli_10
0000c7ec   __mspabi_srli_9
0000c7f0   __mspabi_srli_8
0000c7f4   __mspabi_srli_7
0000c7f8   __mspabi_srli_6
0000c7fc   __mspabi_srli_5
0000c800   __mspabi_srli_4
0000c804   __mspabi_srli_3
0000c808   __mspabi_srli_2
0000c80c   __mspabi_srli_1
0000c812   writeCharToLCD
0000c850   initLCD
0000c884   mazeInit
0000c8b4   __mspabi_srai
0000c8c0   __mspabi_srai_15
0000c8c2   __mspabi_srai_14
0000c8c4   __mspabi_srai_13
0000c8c6   __mspabi_srai_12
0000c8c8   __mspabi_srai_11
0000c8ca   __mspabi_srai_10
0000c8cc   __mspabi_srai_9
0000c8ce   __mspabi_srai_8
0000c8d0   __mspabi_srai_7
0000c8d2   __mspabi_srai_6
0000c8d4   __mspabi_srai_5
0000c8d6   __mspabi_srai_4
0000c8d8   __mspabi_srai_3
0000c8da   __mspabi_srai_2
0000c8dc   __mspabi_srai_1
0000c8e0   __mspabi_slli
0000c8ec   __mspabi_slli_15
0000c8ee   __mspabi_slli_14
0000c8f0   __mspabi_slli_13
0000c8f2   __mspabi_slli_12
0000c8f4   __mspabi_slli_11
0000c8f6   __mspabi_slli_10
0000c8f8   __mspabi_slli_9
0000c8fa   __mspabi_slli_8
0000c8fc   __mspabi_slli_7
0000c8fe   __mspabi_slli_6
0000c900   __mspabi_slli_5
0000c902   __mspabi_slli_4
0000c904   __mspabi_slli_3
0000c906   __mspabi_slli_2
0000c908   __mspabi_slli_1
0000c90c   clearLCD
0000c936   writeToLCD
0000c960   clockConfig
0000c980   writeBlockToLCD
0000c9a0   main
0000c9be   cShift
0000c9da   _c_int00
0000c9da   _c_int00_noexit
0000c9f4   setAddr
0000ca0e   writeStringToLCD
0000ca24   configTimerA0
0000ca38   __TI_zero_init
0000ca4c   __TI_decompress_none
0000ca5e   memcpy
0000ca70   __mspabi_func_epilog_7
0000ca72   __mspabi_func_epilog_6
0000ca74   __mspabi_func_epilog_5
0000ca76   __mspabi_func_epilog_4
0000ca78   __mspabi_func_epilog_3
0000ca7a   __mspabi_func_epilog_2
0000ca7c   __mspabi_func_epilog_1
0000ca80   __TI_decompress_rle24
0000ca86   _system_pre_init
0000ca8a   C$$EXIT
0000ca8a   abort
0000cc6e   wallHorz
0000cc92   wallVert
0000ccd6   __TI_Handler_Table_Base
0000ccdc   __TI_Handler_Table_Limit
0000cce0   __TI_CINIT_Base
0000cce8   __TI_CINIT_Limit
0000fffe   _reset_vector
ffffffff   __binit__
ffffffff   __c_args__
ffffffff   binit
UNDEFED    __TI_INITARRAY_Base
UNDEFED    __TI_INITARRAY_Limit

[204 symbols]
